Sections:
00: ".text" (0-D)


Source: "hello_world.z80"
                        	     1: ; Hello world z80+Arduino minimal style
                        	     2: START_ADDR: equ 0
                        	     3: 
                        	     4: ;org START_ADDR + 0
                        	     5: 
                        	     6: start:
00:0000 3E48            	     7:     ld A, 'H'
00:0002 320B00          	     8:     ld (display1), A ; Save into display area 
00:0005 3E69            	     9:     ld A, 'i'
00:0007 320C00          	    10:     ld (display2), A ; Save into display area 
00:000A 76              	    11:     halt
                        	    12: 
                        	    13: ;org START_ADDR + 00eh
00:000B 00              	    14: display1: ds 1
00:000C 00              	    15: display2: ds 1
                        	    16: 


Symbols by name:
START_ADDR                       E:0000
display1                        00:000B
display2                        00:000C
start                           00:0000

Symbols by value:
0000 START_ADDR
0000 start
000B display1
000C display2
