                              1 ;--------------------------------------------------------
                              2 ; File Created by SDCC : free open source ANSI-C Compiler
                              3 ; Version 4.0.0 #11528 (Linux)
                              4 ;--------------------------------------------------------
o  0000                       5 	MODULE fastmemtest
                              6 	.optsdcc -mz80
                              7 	; Generated using the z80asm/z88 tokens.
o  0000                       8 	XREF __muluchar_rrx_s
o  0000                       9 	XREF __mulschar_rrx_s
o  0000                      10 	XREF __mulint_rrx_s
o  0000                      11 	XREF __mullong_rrx_s
o  0000                      12 	XREF __divuchar_rrx_s
o  0000                      13 	XREF __divschar_rrx_s
o  0000                      14 	XREF __divsint_rrx_s
o  0000                      15 	XREF __divuint_rrx_s
o  0000                      16 	XREF __divulong_rrx_s
o  0000                      17 	XREF __divslong_rrx_s
o  0000                      18 	XREF __rrulong_rrx_s
o  0000                      19 	XREF __rrslong_rrx_s
o  0000                      20 	XREF __rlulong_rrx_s
o  0000                      21 	XREF __rlslong_rrx_s
                             22 
                             23 ;--------------------------------------------------------
                             24 ; Public variables in this module
                             25 ;--------------------------------------------------------
o  0000                      26 	XDEF _main
                             27 ;--------------------------------------------------------
                             28 ; Externals used
                             29 ;--------------------------------------------------------
                             30 ;--------------------------------------------------------
                             31 ; special function registers
                             32 ;--------------------------------------------------------
                             33 ;--------------------------------------------------------
                             34 ; ram data
                             35 ;--------------------------------------------------------
                             36 	; Aread BSS
                             37 ;--------------------------------------------------------
                             38 ; ram data
                             39 ;--------------------------------------------------------
                             40 	; Area  INITIALIZED
                             41 ;--------------------------------------------------------
                             42 ; absolute external ram data
                             43 ;--------------------------------------------------------
                             44 	; Area  DABS (ABS)
                             45 ;--------------------------------------------------------
                             46 ; global & static initialisations
                             47 ;--------------------------------------------------------
                             48 	; Area  HOME
                             49 	; Area  GSINIT
                             50 	; Area  GSFINAL
                             51 	; Area  GSINIT
                             52 ;--------------------------------------------------------
                             53 ; Home
                             54 ;--------------------------------------------------------
                             55 	; Area HOME
                             56 	; Area HOME
                             57 ;--------------------------------------------------------
                             58 ; code
                             59 ;--------------------------------------------------------
                             60 	; Area CODE
                             61 ;fastmemtest.c:1: void main() {
                             62 ;	---------------------------------
                             63 ; Function main
                             64 ; ---------------------------------
q                            65 ._main
                             66 ;fastmemtest.c:5: __endasm;
a  0000               [ 4]   67 	ld	a, 0x55
   0000 32 0E 00      [13]   68 	ld	(0x0e), a
                             69 
q                            70 .l_main00101
                             71 ;fastmemtest.c:6: }
   0003 C9            [10]   72 	ret
                             73 	; Area CODE
                             74 	; Area  INITIALIZER
                             75 	; Area  CABS (ABS)
